[2026-08-10 16:00:35] [WARN] Opção inválida.
[2026-08-10 16:02:04] [INFO] ===== manager.sh v1.0.67 iniciado =====
[2026-08-10 16:02:42] [INFO] DOWNLOADS_DIR resolvido para: /data/data/com.termux/files/home/storage/shared/Download
[2026-08-10 16:02:50] [INFO] Extraindo alsistemas-1.0.66.zip...
[2026-08-10 16:03:49] [INFO] motor_copia: 280 arquivos, 0 pastas, 3128246B, 2s (origem=/data/data/com.termux/files/home/Painel/.import_tmp/session_27229/alsistemas-1.0.66_extraido destino=/data/data/com.termux/files/home/Painel)
[2026-08-10 16:03:50] [OK] Cópia concluída.
[2026-08-10 16:04:00] [INFO] Verificando configuração e dependências...
[2026-08-10 16:04:01] [WARN] JWT_SECRET é usado pelo projeto, mas não possui valor em backend/.env.
[2026-08-10 16:04:02] [INFO] Gere um segredo seguro com: openssl rand -hex 64

up to date in 37s
[2026-08-10 16:04:42] [OK] Verificação concluída: todas as dependências estão instaladas.
[2026-08-10 16:04:42] [INFO] Verificando configuração e dependências...

up to date in 19s
[2026-08-10 16:05:07] [OK] Verificação concluída: todas as dependências estão instaladas.
[2026-08-10 16:05:08] [OK] 'Painel_dd2ff27a3e63_backend' iniciado (PID 4899).
[2026-08-10 16:05:09] [INFO] Log: ~/Painel/.logs/Painel_dd2ff27a3e63_backend.log
[2026-08-10 16:05:09] [INFO] Processo iniciado: Painel_dd2ff27a3e63_backend PID=4899 componente=backend
[2026-08-10 16:05:11] [OK] 'Painel_dd2ff27a3e63_frontend' iniciado (PID 5020).
[2026-08-10 16:05:11] [INFO] Log: ~/Painel/.logs/Painel_dd2ff27a3e63_frontend.log
[2026-08-10 16:05:11] [INFO] Processo iniciado: Painel_dd2ff27a3e63_frontend PID=5020 componente=frontend
[2026-08-10 16:05:12] [INFO] Aguardando backend disponibilizar o servidor...
[2026-08-10 16:05:58] [OK] Servidor disponível na porta 3001.
[2026-08-10 16:05:58] [OK] Backend disponível e respondendo localmente.
[2026-08-10 16:05:59] [INFO] Aguardando servidor frontend iniciar...
[2026-08-10 16:06:38] [OK] Servidor disponível na porta 5173.
[2026-08-10 16:06:39] [INFO] Abrindo navegador em: http://127.0.0.1:5173
