
> al-sistemas-backend@1.0.54 dev
> node --watch src/server.js

{"level":30,"time":"2026-08-10T02:52:37.505Z","service":"alsistemas-backend","msg":"Redis não configurado — cache em memória ativo"}
{"level":30,"time":"2026-08-10T02:52:37.516Z","service":"alsistemas-backend","port":"3001","msg":"🚀 Backend rodando em http://localhost:3001"}
{"level":30,"time":"2026-08-10T02:52:38.495Z","service":"alsistemas-backend","database":"alsistemas","msg":"MongoDB conectado"}
{"level":30,"time":"2026-08-10T02:52:38.738Z","service":"alsistemas-backend","expressao":"0 * * * *","timezone":"America/Sao_Paulo","msg":"📡 Cron RSS iniciado"}
{"level":30,"time":"2026-08-10T02:53:17.138Z","service":"alsistemas-backend","req":{"method":"GET","url":"/api/setup/status","requestId":"5016d9cf-52d9-488d-807f-a97840e6413a"},"res":{"statusCode":200},"responseTime":86,"msg":"request completed"}
{"level":30,"time":"2026-08-10T02:53:17.436Z","service":"alsistemas-backend","req":{"method":"GET","url":"/api/setup/status","requestId":"5c51efd3-92ba-41ec-a07c-f5b71077d280"},"res":{"statusCode":200},"responseTime":18,"msg":"request completed"}
{"level":30,"time":"2026-08-10T02:53:17.815Z","service":"alsistemas-backend","req":{"method":"GET","url":"/api/configuracoes","requestId":"7f6779c6-95c0-4b25-8f09-c71cf75cfcc9"},"res":{"statusCode":304},"responseTime":131,"msg":"request completed"}
{"level":30,"time":"2026-08-10T02:53:18.844Z","service":"alsistemas-backend","req":{"method":"GET","url":"/api/configuracoes","requestId":"93bd1602-f0a3-430c-8cd8-75789d4a4b0f"},"res":{"statusCode":304},"responseTime":16,"msg":"request completed"}
{"level":30,"time":"2026-08-10T02:53:20.803Z","service":"alsistemas-backend","req":{"method":"OPTIONS","url":"/api/categorias","requestId":"1283bbd3-5ced-4ac0-9df1-09ee20c0a1c9"},"res":{"statusCode":204},"responseTime":15,"msg":"request completed"}
{"level":30,"time":"2026-08-10T02:53:20.916Z","service":"alsistemas-backend","req":{"method":"OPTIONS","url":"/api/noticias?limit=30","requestId":"00666b05-3cb6-46be-a23b-951e63b299c5"},"res":{"statusCode":204},"responseTime":6,"msg":"request completed"}
{"level":30,"time":"2026-08-10T02:53:20.934Z","service":"alsistemas-backend","req":{"method":"OPTIONS","url":"/api/topicos","requestId":"8d985c74-66bf-4925-bb6f-dfd35c8ca5c3"},"res":{"statusCode":204},"responseTime":8,"msg":"request completed"}
{"level":30,"time":"2026-08-10T02:53:20.974Z","service":"alsistemas-backend","req":{"method":"OPTIONS","url":"/api/modulos","requestId":"0d41665d-77e3-4020-a577-102f7e02236c"},"res":{"statusCode":204},"responseTime":19,"msg":"request completed"}
{"level":30,"time":"2026-08-10T02:53:20.992Z","service":"alsistemas-backend","req":{"method":"OPTIONS","url":"/api/noticias-externas","requestId":"4810a956-01a1-43b9-8fda-35968a0c8d7e"},"res":{"statusCode":204},"responseTime":7,"msg":"request completed"}
{"level":30,"time":"2026-08-10T02:53:21.008Z","service":"alsistemas-backend","req":{"method":"OPTIONS","url":"/api/noticias?limit=1&urgente=true","requestId":"04ba49b4-6fda-40a9-8dda-e643988aca40"},"res":{"statusCode":204},"responseTime":6,"msg":"request completed"}
{"level":30,"time":"2026-08-10T02:53:21.017Z","service":"alsistemas-backend","req":{"method":"OPTIONS","url":"/api/eventos","requestId":"82c711d9-6cce-466a-ac6a-4ef9432cb311"},"res":{"statusCode":204},"responseTime":4,"msg":"request completed"}
{"level":30,"time":"2026-08-10T02:53:21.027Z","service":"alsistemas-backend","req":{"method":"OPTIONS","url":"/api/onibus","requestId":"2d83e550-895e-4065-ac61-86ef4e0badfb"},"res":{"statusCode":204},"responseTime":6,"msg":"request completed"}
{"level":30,"time":"2026-08-10T02:53:21.048Z","service":"alsistemas-backend","req":{"method":"OPTIONS","url":"/api/setup/status","requestId":"208cf583-1555-44f2-93ba-972116149063"},"res":{"statusCode":204},"responseTime":3,"msg":"request completed"}
{"level":30,"time":"2026-08-10T02:53:21.061Z","service":"alsistemas-backend","req":{"method":"GET","url":"/api/maintenance/status","requestId":"dd11551a-8b84-47bc-862d-20fb83b2638f"},"res":{"statusCode":200},"responseTime":27,"msg":"request completed"}
{"level":30,"time":"2026-08-10T02:53:21.289Z","service":"alsistemas-backend","req":{"method":"GET","url":"/api/categorias","requestId":"b9fc9b63-b32f-41df-bf40-86abbfef1aa6"},"res":{"statusCode":304},"responseTime":179,"msg":"request completed"}
{"level":30,"time":"2026-08-10T02:53:21.556Z","service":"alsistemas-backend","req":{"method":"GET","url":"/api/topicos","requestId":"6ea9121a-a294-46fd-a056-2904faaafa7f"},"res":{"statusCode":304},"responseTime":307,"msg":"request completed"}
{"level":30,"time":"2026-08-10T02:53:21.573Z","service":"alsistemas-backend","req":{"method":"GET","url":"/api/modulos","requestId":"a1cc27aa-9158-4b6a-b9d6-74e39b2df4a6"},"res":{"statusCode":304},"responseTime":280,"msg":"request completed"}
{"level":30,"time":"2026-08-10T02:53:21.684Z","service":"alsistemas-backend","req":{"method":"GET","url":"/api/noticias-externas","requestId":"4fc3b6a9-09b1-4184-9da2-cbc7642701b7"},"res":{"statusCode":304},"responseTime":371,"msg":"request completed"}
{"level":30,"time":"2026-08-10T02:53:21.722Z","service":"alsistemas-backend","req":{"method":"GET","url":"/api/eventos","requestId":"8bc1545a-f888-400b-8d6e-cfbba5e6e95b"},"res":{"statusCode":304},"responseTime":389,"msg":"request completed"}
{"level":30,"time":"2026-08-10T02:53:21.838Z","service":"alsistemas-backend","req":{"method":"GET","url":"/api/setup/status","requestId":"3a19e2da-e078-4c0b-b079-59bc4d38371a"},"res":{"statusCode":200},"responseTime":10,"msg":"request completed"}
{"level":30,"time":"2026-08-10T02:53:21.939Z","service":"alsistemas-backend","req":{"method":"GET","url":"/api/onibus","requestId":"c6f32efe-f127-440d-a0d3-dfea8f738358"},"res":{"statusCode":304},"responseTime":126,"msg":"request completed"}
{"level":30,"time":"2026-08-10T02:53:22.059Z","service":"alsistemas-backend","req":{"method":"GET","url":"/api/setup/status","requestId":"68cb712c-45a3-45b5-89ae-b5fe1986d04e"},"res":{"statusCode":200},"responseTime":11,"msg":"request completed"}
{"level":30,"time":"2026-08-10T02:53:22.114Z","service":"alsistemas-backend","req":{"method":"GET","url":"/api/noticias?limit=30","requestId":"38d64fec-3311-41e9-9154-73d297733269"},"res":{"statusCode":304},"responseTime":957,"msg":"request completed"}
{"level":30,"time":"2026-08-10T02:53:22.130Z","service":"alsistemas-backend","req":{"method":"GET","url":"/api/modulos","requestId":"f22a686c-65c1-4561-b556-f177b97aebd5"},"res":{"statusCode":304},"responseTime":11,"msg":"request completed"}
{"level":30,"time":"2026-08-10T02:53:22.191Z","service":"alsistemas-backend","req":{"method":"GET","url":"/api/topicos","requestId":"9eef636c-a892-4f47-9224-f577c9d19e9f"},"res":{"statusCode":304},"responseTime":53,"msg":"request completed"}
{"level":30,"time":"2026-08-10T02:53:22.231Z","service":"alsistemas-backend","req":{"method":"GET","url":"/api/noticias?limit=1&urgente=true","requestId":"42b472ab-f860-4b3a-aaac-14a94c7eeb3a"},"res":{"statusCode":304},"responseTime":873,"msg":"request completed"}
{"level":30,"time":"2026-08-10T02:53:22.280Z","service":"alsistemas-backend","req":{"method":"GET","url":"/api/maintenance/status","requestId":"bd54b046-1d4d-4fed-9468-55d0aa234c8d"},"res":{"statusCode":200},"responseTime":144,"msg":"request completed"}
{"level":30,"time":"2026-08-10T02:53:22.295Z","service":"alsistemas-backend","req":{"method":"OPTIONS","url":"/api/auth/me","requestId":"17202428-6bda-474a-8d25-d2baa9140fd7"},"res":{"statusCode":204},"responseTime":8,"msg":"request completed"}
{"level":30,"time":"2026-08-10T02:53:22.317Z","service":"alsistemas-backend","req":{"method":"GET","url":"/api/noticias-externas","requestId":"a2911950-3322-4615-a154-da8ebf7bf26f"},"res":{"statusCode":304},"responseTime":159,"msg":"request completed"}
{"level":30,"time":"2026-08-10T02:53:22.423Z","service":"alsistemas-backend","req":{"method":"GET","url":"/api/eventos","requestId":"6331212a-9624-4447-ba3e-2d555d110d94"},"res":{"statusCode":304},"responseTime":187,"msg":"request completed"}
{"level":30,"time":"2026-08-10T02:53:22.472Z","service":"alsistemas-backend","req":{"method":"GET","url":"/api/onibus","requestId":"ca47d5af-2ae5-4d12-ae87-316410bf264b"},"res":{"statusCode":304},"responseTime":219,"msg":"request completed"}
{"level":30,"time":"2026-08-10T02:53:22.557Z","service":"alsistemas-backend","req":{"method":"GET","url":"/api/auth/me","requestId":"bb198e03-d6c9-4edd-b6d8-7a43419ef19b"},"res":{"statusCode":304},"responseTime":215,"msg":"request completed"}
{"level":30,"time":"2026-08-10T02:53:22.602Z","service":"alsistemas-backend","req":{"method":"GET","url":"/api/noticias?limit=1&urgente=true","requestId":"46d8371f-bfcd-4123-b177-29ddfe332c27"},"res":{"statusCode":304},"responseTime":280,"msg":"request completed"}
{"level":30,"time":"2026-08-10T02:53:22.754Z","service":"alsistemas-backend","req":{"method":"GET","url":"/api/noticias?limit=30","requestId":"235dcf71-e5c7-49d1-8bda-922455b6bd88"},"res":{"statusCode":304},"responseTime":557,"msg":"request completed"}
{"level":30,"time":"2026-08-10T02:53:24.195Z","service":"alsistemas-backend","req":{"method":"OPTIONS","url":"/api/erros/contagem","requestId":"f39d60d1-9513-4c18-a3a3-03aeb84ad12c"},"res":{"statusCode":204},"responseTime":8,"msg":"request completed"}
{"level":30,"time":"2026-08-10T02:53:24.324Z","service":"alsistemas-backend","req":{"method":"GET","url":"/api/erros/contagem","requestId":"a45258a8-7ca4-4bf2-ab3d-fa3212a8a86b"},"res":{"statusCode":304},"responseTime":123,"msg":"request completed"}
{"level":30,"time":"2026-08-10T02:53:25.514Z","service":"alsistemas-backend","req":{"method":"OPTIONS","url":"/api/admin/updates","requestId":"e034a4c7-8039-4a8a-beb8-b084603d60a3"},"res":{"statusCode":204},"responseTime":3,"msg":"request completed"}
{"level":30,"time":"2026-08-10T02:53:25.519Z","service":"alsistemas-backend","req":{"method":"OPTIONS","url":"/api/admin/updates/diagnostics","requestId":"92587034-453f-4e65-bd59-be89fef7912b"},"res":{"statusCode":204},"responseTime":3,"msg":"request completed"}
{"level":30,"time":"2026-08-10T02:53:25.667Z","service":"alsistemas-backend","req":{"method":"GET","url":"/api/admin/updates/diagnostics","requestId":"40b3947a-3d23-4bf0-b482-1700497341ee"},"res":{"statusCode":200},"responseTime":125,"msg":"request completed"}
{"level":30,"time":"2026-08-10T02:53:25.695Z","service":"alsistemas-backend","req":{"method":"GET","url":"/api/admin/updates","requestId":"928ebc10-b5a6-4ea8-86ff-16601a5c6bc5"},"res":{"statusCode":304},"responseTime":167,"msg":"request completed"}
{"level":30,"time":"2026-08-10T02:53:26.965Z","service":"alsistemas-backend","req":{"method":"GET","url":"/api/maintenance/status","requestId":"1b7d96c4-d66d-41e4-a0f8-f4f644ed9c6f"},"res":{"statusCode":200},"responseTime":11,"msg":"request completed"}
{"level":30,"time":"2026-08-10T02:53:31.959Z","service":"alsistemas-backend","req":{"method":"GET","url":"/api/maintenance/status","requestId":"b828110a-72ed-4822-81c1-7af26044d270"},"res":{"statusCode":200},"responseTime":7,"msg":"request completed"}
{"level":30,"time":"2026-08-10T02:53:36.959Z","service":"alsistemas-backend","req":{"method":"GET","url":"/api/maintenance/status","requestId":"3dce8654-b40e-4242-b4aa-4f63c14638cd"},"res":{"statusCode":200},"responseTime":10,"msg":"request completed"}
{"level":30,"time":"2026-08-10T02:53:41.966Z","service":"alsistemas-backend","req":{"method":"GET","url":"/api/maintenance/status","requestId":"dc4febbe-cded-4124-aa92-8bdefba3a1a9"},"res":{"statusCode":200},"responseTime":9,"msg":"request completed"}
{"level":30,"time":"2026-08-10T02:53:46.967Z","service":"alsistemas-backend","req":{"method":"GET","url":"/api/maintenance/status","requestId":"121c7d71-5155-4015-af4c-8363280be00f"},"res":{"statusCode":200},"responseTime":13,"msg":"request completed"}
{"level":30,"time":"2026-08-10T02:53:51.964Z","service":"alsistemas-backend","req":{"method":"GET","url":"/api/maintenance/status","requestId":"dc3eab8e-de7e-42f8-b97e-2ec1f21e27ef"},"res":{"statusCode":200},"responseTime":11,"msg":"request completed"}
{"level":30,"time":"2026-08-10T02:53:56.964Z","service":"alsistemas-backend","req":{"method":"GET","url":"/api/maintenance/status","requestId":"ab4b7f5a-d934-4d30-ac63-eb4914168c69"},"res":{"statusCode":200},"responseTime":12,"msg":"request completed"}
{"level":30,"time":"2026-08-10T02:54:01.956Z","service":"alsistemas-backend","req":{"method":"GET","url":"/api/maintenance/status","requestId":"6215781e-d767-4e1e-8ed1-3e24bb3ef698"},"res":{"statusCode":200},"responseTime":8,"msg":"request completed"}
{"level":30,"time":"2026-08-10T02:54:06.963Z","service":"alsistemas-backend","req":{"method":"GET","url":"/api/maintenance/status","requestId":"f5d3c253-0940-432e-8fee-44b01df15fa6"},"res":{"statusCode":200},"responseTime":12,"msg":"request completed"}
{"level":30,"time":"2026-08-10T02:54:11.959Z","service":"alsistemas-backend","req":{"method":"GET","url":"/api/maintenance/status","requestId":"5ed75766-e173-4244-8b3b-0935662c92bb"},"res":{"statusCode":200},"responseTime":11,"msg":"request completed"}
{"level":30,"time":"2026-08-10T02:54:16.963Z","service":"alsistemas-backend","req":{"method":"GET","url":"/api/maintenance/status","requestId":"e595f36f-068e-4204-abd6-c73504e1a1ba"},"res":{"statusCode":200},"responseTime":14,"msg":"request completed"}
{"level":30,"time":"2026-08-10T02:54:21.957Z","service":"alsistemas-backend","req":{"method":"GET","url":"/api/maintenance/status","requestId":"a1961476-8ee1-4171-981b-3921df958dac"},"res":{"statusCode":200},"responseTime":9,"msg":"request completed"}
{"level":30,"time":"2026-08-10T02:54:26.964Z","service":"alsistemas-backend","req":{"method":"GET","url":"/api/maintenance/status","requestId":"b22f6884-fb66-44eb-8c83-4b070f71d728"},"res":{"statusCode":200},"responseTime":14,"msg":"request completed"}
{"level":30,"time":"2026-08-10T02:54:31.963Z","service":"alsistemas-backend","req":{"method":"GET","url":"/api/maintenance/status","requestId":"86341a5c-c892-4d95-803e-f5916966574f"},"res":{"statusCode":200},"responseTime":10,"msg":"request completed"}
{"level":30,"time":"2026-08-10T02:54:36.962Z","service":"alsistemas-backend","req":{"method":"GET","url":"/api/maintenance/status","requestId":"7668174f-7bb9-4503-af67-cd703df9fe08"},"res":{"statusCode":200},"responseTime":11,"msg":"request completed"}
{"level":30,"time":"2026-08-10T02:54:41.968Z","service":"alsistemas-backend","req":{"method":"GET","url":"/api/maintenance/status","requestId":"f6fcc920-9e52-4474-b3ff-6b113f1673e0"},"res":{"statusCode":200},"responseTime":13,"msg":"request completed"}
{"level":30,"time":"2026-08-10T02:54:46.963Z","service":"alsistemas-backend","req":{"method":"GET","url":"/api/maintenance/status","requestId":"ed3c3879-3260-414d-9f5e-84fad7f48867"},"res":{"statusCode":200},"responseTime":11,"msg":"request completed"}
{"level":30,"time":"2026-08-10T02:54:51.962Z","service":"alsistemas-backend","req":{"method":"GET","url":"/api/maintenance/status","requestId":"1f4a2cfd-f163-418b-baea-adc982fd0bee"},"res":{"statusCode":200},"responseTime":10,"msg":"request completed"}
{"level":30,"time":"2026-08-10T02:54:56.965Z","service":"alsistemas-backend","req":{"method":"GET","url":"/api/maintenance/status","requestId":"bf6a9dc8-43ae-4c0e-a913-7d92cae8e22e"},"res":{"statusCode":200},"responseTime":13,"msg":"request completed"}
{"level":30,"time":"2026-08-10T02:55:01.964Z","service":"alsistemas-backend","req":{"method":"GET","url":"/api/maintenance/status","requestId":"7705309e-1951-4a31-8ba1-c694d4f8c22b"},"res":{"statusCode":200},"responseTime":12,"msg":"request completed"}
{"level":30,"time":"2026-08-10T02:55:06.966Z","service":"alsistemas-backend","req":{"method":"GET","url":"/api/maintenance/status","requestId":"89189b77-285f-48f0-a452-d72a678d2f36"},"res":{"statusCode":200},"responseTime":13,"msg":"request completed"}
{"level":30,"time":"2026-08-10T02:55:11.973Z","service":"alsistemas-backend","req":{"method":"GET","url":"/api/maintenance/status","requestId":"f2fa9ce4-7b91-432a-a44a-58dc4758a90f"},"res":{"statusCode":200},"responseTime":13,"msg":"request completed"}
{"level":30,"time":"2026-08-10T02:55:16.967Z","service":"alsistemas-backend","req":{"method":"GET","url":"/api/maintenance/status","requestId":"1a11b06e-09a5-4b11-987c-718b5bbd1766"},"res":{"statusCode":200},"responseTime":14,"msg":"request completed"}
{"level":30,"time":"2026-08-10T02:55:21.963Z","service":"alsistemas-backend","req":{"method":"GET","url":"/api/maintenance/status","requestId":"df676302-b85e-4b1d-92c0-1e823c70f1e3"},"res":{"statusCode":200},"responseTime":10,"msg":"request completed"}
{"level":30,"time":"2026-08-10T02:55:26.968Z","service":"alsistemas-backend","req":{"method":"GET","url":"/api/maintenance/status","requestId":"9894d6bc-dd50-4f55-84f0-9608c6600a9d"},"res":{"statusCode":200},"responseTime":15,"msg":"request completed"}
{"level":30,"time":"2026-08-10T02:55:31.968Z","service":"alsistemas-backend","req":{"method":"GET","url":"/api/maintenance/status","requestId":"cd121b25-ec96-4599-948c-59cdb314484b"},"res":{"statusCode":200},"responseTime":15,"msg":"request completed"}
{"level":30,"time":"2026-08-10T02:55:36.967Z","service":"alsistemas-backend","req":{"method":"GET","url":"/api/maintenance/status","requestId":"d8994eaa-5f7e-4840-af22-c559e68ecf54"},"res":{"statusCode":200},"responseTime":14,"msg":"request completed"}
{"level":30,"time":"2026-08-10T02:55:41.965Z","service":"alsistemas-backend","req":{"method":"GET","url":"/api/maintenance/status","requestId":"405cd91f-869c-43b0-8fc7-19a4b55796da"},"res":{"statusCode":200},"responseTime":12,"msg":"request completed"}
{"level":30,"time":"2026-08-10T02:55:46.959Z","service":"alsistemas-backend","req":{"method":"GET","url":"/api/maintenance/status","requestId":"2f6bea6e-08fe-40bb-b536-7026d2bd8e4a"},"res":{"statusCode":200},"responseTime":11,"msg":"request completed"}
{"level":30,"time":"2026-08-10T02:55:51.958Z","service":"alsistemas-backend","req":{"method":"GET","url":"/api/maintenance/status","requestId":"fa97e467-f01c-4d5d-95d2-b1fc3e7f3fa3"},"res":{"statusCode":200},"responseTime":9,"msg":"request completed"}
{"level":30,"time":"2026-08-10T02:55:56.964Z","service":"alsistemas-backend","req":{"method":"GET","url":"/api/maintenance/status","requestId":"f76cfdc2-cfd2-4a03-8db2-e975d29dc51e"},"res":{"statusCode":200},"responseTime":13,"msg":"request completed"}
{"level":30,"time":"2026-08-10T02:56:01.968Z","service":"alsistemas-backend","req":{"method":"GET","url":"/api/maintenance/status","requestId":"eed3850d-5d2f-4660-8c84-71d1fbd165f2"},"res":{"statusCode":200},"responseTime":15,"msg":"request completed"}
{"level":30,"time":"2026-08-10T02:56:06.964Z","service":"alsistemas-backend","req":{"method":"GET","url":"/api/maintenance/status","requestId":"eef445dd-90e0-40ae-b331-6108ea742232"},"res":{"statusCode":200},"responseTime":11,"msg":"request completed"}
{"level":30,"time":"2026-08-10T02:56:11.968Z","service":"alsistemas-backend","req":{"method":"GET","url":"/api/maintenance/status","requestId":"8d12eed1-4e56-4e1e-95c5-ee821761488b"},"res":{"statusCode":200},"responseTime":13,"msg":"request completed"}
{"level":30,"time":"2026-08-10T02:56:16.964Z","service":"alsistemas-backend","req":{"method":"GET","url":"/api/maintenance/status","requestId":"e6a3c8a9-d580-41b2-aa54-dbbbc4f4b2a1"},"res":{"statusCode":200},"responseTime":12,"msg":"request completed"}
{"level":30,"time":"2026-08-10T02:56:21.405Z","service":"alsistemas-backend","req":{"method":"OPTIONS","url":"/api/auth/me","requestId":"702fd62b-e47e-4b1e-8e04-f44329b72942"},"res":{"statusCode":204},"responseTime":7,"msg":"request completed"}
{"level":30,"time":"2026-08-10T02:56:21.664Z","service":"alsistemas-backend","req":{"method":"GET","url":"/api/auth/me","requestId":"ad4e63eb-8efa-4e74-94c5-8be7cd743927"},"res":{"statusCode":304},"responseTime":219,"msg":"request completed"}
{"level":30,"time":"2026-08-10T02:56:22.310Z","service":"alsistemas-backend","req":{"method":"OPTIONS","url":"/api/erros/contagem","requestId":"c2bba290-0148-4ee3-bb86-5024dea0338e"},"res":{"statusCode":204},"responseTime":6,"msg":"request completed"}
{"level":30,"time":"2026-08-10T02:56:22.601Z","service":"alsistemas-backend","req":{"method":"GET","url":"/api/erros/contagem","requestId":"8ac889dd-4a94-4954-8cbc-c322575a0c67"},"res":{"statusCode":304},"responseTime":282,"msg":"request completed"}
{"level":30,"time":"2026-08-10T02:56:24.026Z","service":"alsistemas-backend","req":{"method":"OPTIONS","url":"/api/health/detalhado","requestId":"05db625f-ea8c-4087-b044-f1eda9e3d1cc"},"res":{"statusCode":204},"responseTime":4,"msg":"request completed"}
{"level":30,"time":"2026-08-10T02:56:24.049Z","service":"alsistemas-backend","req":{"method":"OPTIONS","url":"/api/erros?page=1&limit=6","requestId":"ee04f0aa-06fb-4df6-a229-0aba851bef48"},"res":{"statusCode":204},"responseTime":3,"msg":"request completed"}
{"level":30,"time":"2026-08-10T02:56:24.073Z","service":"alsistemas-backend","req":{"method":"OPTIONS","url":"/api/admin/infraestrutura/sistema/metricas","requestId":"1dff7ab4-f010-4b98-a3d3-5ada5a92a14f"},"res":{"statusCode":204},"responseTime":2,"msg":"request completed"}
{"level":30,"time":"2026-08-10T02:56:24.085Z","service":"alsistemas-backend","req":{"method":"OPTIONS","url":"/api/admin/usuarios/perfis/todos","requestId":"bc9d9da4-64bc-4dfc-ad72-edaadac3b1b9"},"res":{"statusCode":204},"responseTime":2,"msg":"request completed"}
{"level":30,"time":"2026-08-10T02:56:24.093Z","service":"alsistemas-backend","req":{"method":"OPTIONS","url":"/api/audit-logs?page=1&limit=5","requestId":"03ec1ab4-89e9-4658-ac1d-5f87f4ea45d9"},"res":{"statusCode":204},"responseTime":3,"msg":"request completed"}
{"level":30,"time":"2026-08-10T02:56:24.100Z","service":"alsistemas-backend","req":{"method":"OPTIONS","url":"/api/admin/usuarios","requestId":"2a56f9fb-125b-4b11-b3fe-27c500304724"},"res":{"statusCode":204},"responseTime":3,"msg":"request completed"}
{"level":30,"time":"2026-08-10T02:56:24.115Z","service":"alsistemas-backend","req":{"method":"OPTIONS","url":"/api/github/status","requestId":"e7287c0a-aaa8-4572-9ba8-3681cced9971"},"res":{"statusCode":204},"responseTime":3,"msg":"request completed"}
{"level":30,"time":"2026-08-10T02:56:24.121Z","service":"alsistemas-backend","req":{"method":"OPTIONS","url":"/api/github/repos?page=1&per_page=5&sort=updated&type=all","requestId":"533e6fbe-76ee-4295-9d1d-8d9ad7bed78a"},"res":{"statusCode":204},"responseTime":3,"msg":"request completed"}
{"level":30,"time":"2026-08-10T02:56:24.131Z","service":"alsistemas-backend","req":{"method":"OPTIONS","url":"/api/projetos","requestId":"5fb80560-2c30-4e61-8fbc-5bcc335c6917"},"res":{"statusCode":204},"responseTime":3,"msg":"request completed"}
{"level":30,"time":"2026-08-10T02:56:24.137Z","service":"alsistemas-backend","req":{"method":"OPTIONS","url":"/api/analysis/overview","requestId":"e1597316-3998-4e7d-a2b3-04be3e4e62b7"},"res":{"statusCode":204},"responseTime":3,"msg":"request completed"}
{"level":30,"time":"2026-08-10T02:56:24.160Z","service":"alsistemas-backend","req":{"method":"OPTIONS","url":"/api/noticias?limit=4&ordem=-data_publicacao&status=publicada","requestId":"6197064a-7b72-4fa4-a6fa-da76f515a78d"},"res":{"statusCode":204},"responseTime":3,"msg":"request completed"}
{"level":30,"time":"2026-08-10T02:56:24.168Z","service":"alsistemas-backend","req":{"method":"OPTIONS","url":"/api/eventos/todos","requestId":"33c561e0-7771-4ac6-a676-df4888945e56"},"res":{"statusCode":204},"responseTime":2,"msg":"request completed"}
{"level":30,"time":"2026-08-10T02:56:25.147Z","service":"alsistemas-backend","req":{"method":"GET","url":"/api/admin/infraestrutura/sistema/metricas","requestId":"a4b05efc-54c5-482a-a400-f09fc5f5f0cc"},"res":{"statusCode":200},"responseTime":884,"msg":"request completed"}
{"level":30,"time":"2026-08-10T02:56:25.166Z","service":"alsistemas-backend","req":{"method":"GET","url":"/api/admin/usuarios/perfis/todos","requestId":"55a8b91f-0793-493a-8e66-6ac6eb51d54d"},"res":{"statusCode":304},"responseTime":362,"msg":"request completed"}
{"level":30,"time":"2026-08-10T02:56:25.174Z","service":"alsistemas-backend","req":{"method":"GET","url":"/api/erros/contagem","requestId":"d6807acf-5b6c-4e17-9478-4f6758a95f4a"},"res":{"statusCode":304},"responseTime":1034,"msg":"request completed"}
{"level":30,"time":"2026-08-10T02:56:25.187Z","service":"alsistemas-backend","req":{"method":"GET","url":"/api/erros?page=1&limit=6","requestId":"261bbeb6-dfbd-4cfa-9356-4dab2c36d401"},"res":{"statusCode":304},"responseTime":959,"msg":"request completed"}
{"level":30,"time":"2026-08-10T02:56:25.570Z","service":"alsistemas-backend","req":{"method":"GET","url":"/api/audit-logs?page=1&limit=5","requestId":"cd42e642-779e-453e-a187-69a296b694fe"},"res":{"statusCode":304},"responseTime":376,"msg":"request completed"}
{"level":30,"time":"2026-08-10T02:56:25.599Z","service":"alsistemas-backend","req":{"method":"GET","url":"/api/projetos","requestId":"ab528344-958d-477b-887c-284444388756"},"res":{"statusCode":304},"responseTime":336,"msg":"request completed"}
{"level":30,"time":"2026-08-10T02:56:25.693Z","service":"alsistemas-backend","req":{"method":"GET","url":"/api/admin/usuarios","requestId":"04de7109-512c-4415-b4fd-73dd2408c957"},"res":{"statusCode":304},"responseTime":472,"msg":"request completed"}
{"level":40,"time":"2026-08-10T02:56:25.745Z","service":"alsistemas-backend","req":{"method":"GET","url":"/api/github/repos?page=1&per_page=5&sort=updated&type=all","requestId":"920c26e8-1176-4a13-a0dc-a60e3eba991f"},"res":{"statusCode":422},"responseTime":1502,"msg":"request completed"}
{"level":30,"time":"2026-08-10T02:56:25.872Z","service":"alsistemas-backend","req":{"method":"GET","url":"/api/noticias?limit=4&ordem=-data_publicacao&status=publicada","requestId":"2996eae5-184d-4dc2-abe6-f76b2cc49898"},"res":{"statusCode":304},"responseTime":155,"msg":"request completed"}
{"level":30,"time":"2026-08-10T02:56:25.917Z","service":"alsistemas-backend","req":{"method":"GET","url":"/api/eventos/todos","requestId":"29b24605-998c-4338-93c7-8b8d54992632"},"res":{"statusCode":304},"responseTime":130,"msg":"request completed"}
{"level":30,"time":"2026-08-10T02:56:25.942Z","service":"alsistemas-backend","req":{"method":"GET","url":"/api/health/detalhado","requestId":"814edb37-b1ba-49f5-bbaf-bb52af8d6867"},"res":{"statusCode":200},"responseTime":1758,"msg":"request completed"}
{"level":30,"time":"2026-08-10T02:56:26.019Z","service":"alsistemas-backend","req":{"method":"GET","url":"/api/github/status","requestId":"ce85d506-f008-408b-a24b-37fa3673a423"},"res":{"statusCode":304},"responseTime":784,"msg":"request completed"}
{"level":30,"time":"2026-08-10T02:56:26.677Z","service":"alsistemas-backend","req":{"method":"GET","url":"/api/analysis/overview","requestId":"f27a9275-6380-431c-b4ab-6479586c4029"},"res":{"statusCode":200},"responseTime":1018,"msg":"request completed"}
{"level":30,"time":"2026-08-10T02:56:30.934Z","service":"alsistemas-backend","req":{"method":"OPTIONS","url":"/api/erros/contagem","requestId":"53a4fe5b-e419-4e5a-9084-1f3f2ee3a809"},"res":{"statusCode":204},"responseTime":2,"msg":"request completed"}
{"level":30,"time":"2026-08-10T02:56:31.150Z","service":"alsistemas-backend","req":{"method":"GET","url":"/api/erros/contagem","requestId":"bd8bbed9-ef2f-4957-8868-8018057d9add"},"res":{"statusCode":304},"responseTime":208,"msg":"request completed"}
{"level":30,"time":"2026-08-10T02:56:31.194Z","service":"alsistemas-backend","req":{"method":"OPTIONS","url":"/api/admin/updates","requestId":"0f7f3222-3986-4f11-9d00-c224aff93805"},"res":{"statusCode":204},"responseTime":3,"msg":"request completed"}
{"level":30,"time":"2026-08-10T02:56:31.207Z","service":"alsistemas-backend","req":{"method":"OPTIONS","url":"/api/admin/updates/diagnostics","requestId":"05e8b805-f92f-4409-9a0f-bdc594b92e6a"},"res":{"statusCode":204},"responseTime":2,"msg":"request completed"}
{"level":30,"time":"2026-08-10T02:56:31.325Z","service":"alsistemas-backend","req":{"method":"GET","url":"/api/admin/updates/diagnostics","requestId":"5b47f541-243b-4695-9b30-b164ad5915c8"},"res":{"statusCode":200},"responseTime":98,"msg":"request completed"}
{"level":30,"time":"2026-08-10T02:56:31.340Z","service":"alsistemas-backend","req":{"method":"GET","url":"/api/admin/updates","requestId":"2136ab01-6662-4a0f-ae83-2edf0bc9a679"},"res":{"statusCode":304},"responseTime":130,"msg":"request completed"}
{"level":30,"time":"2026-08-10T02:56:38.875Z","service":"alsistemas-backend","req":{"method":"OPTIONS","url":"/api/admin/integracoes/github/repositories","requestId":"d025a70d-eb47-438e-bf4f-ee42f314c263"},"res":{"statusCode":204},"responseTime":3,"msg":"request completed"}
{"level":30,"time":"2026-08-10T02:56:39.464Z","service":"alsistemas-backend","req":{"method":"GET","url":"/api/admin/integracoes/github/repositories","requestId":"75c0f72c-44d8-409f-b41d-aeb8ff663ffc"},"res":{"statusCode":304},"responseTime":570,"msg":"request completed"}
{"level":30,"time":"2026-08-10T02:56:40.790Z","service":"alsistemas-backend","req":{"method":"OPTIONS","url":"/api/admin/updates/deployment-check?repository=adriedsonlemoz%2Fpainel&branch=main","requestId":"d5880f9e-8749-40fc-b102-665abf20743c"},"res":{"statusCode":204},"responseTime":7,"msg":"request completed"}
{"level":30,"time":"2026-08-10T02:56:41.553Z","service":"alsistemas-backend","req":{"method":"GET","url":"/api/admin/updates/deployment-check?repository=adriedsonlemoz%2Fpainel&branch=main","requestId":"8e75122e-e05b-4018-9f0c-d6e469bb36b1"},"res":{"statusCode":304},"responseTime":750,"msg":"request completed"}
{"level":30,"time":"2026-08-10T02:56:41.592Z","service":"alsistemas-backend","req":{"method":"OPTIONS","url":"/api/admin/updates/publish-current-github","requestId":"43c33311-9af4-43b8-a9fa-54877baeeeca"},"res":{"statusCode":204},"responseTime":8,"msg":"request completed"}
{"level":30,"time":"2026-08-10T02:56:41.866Z","service":"alsistemas-backend","req":{"method":"POST","url":"/api/admin/updates/publish-current-github","requestId":"e5e88f1e-3f2a-4fa4-a9f3-1337de4f370f"},"res":{"statusCode":202},"responseTime":268,"msg":"request completed"}
{"level":30,"time":"2026-08-10T02:56:41.893Z","service":"alsistemas-backend","req":{"method":"OPTIONS","url":"/api/admin/updates/jobs/job_1786330601802_6e74eb65","requestId":"0592336a-cf98-4ec4-8598-673d070d4efd"},"res":{"statusCode":204},"responseTime":3,"msg":"request completed"}
{"level":30,"time":"2026-08-10T02:56:41.993Z","service":"alsistemas-backend","req":{"method":"GET","url":"/api/admin/updates/jobs/job_1786330601802_6e74eb65","requestId":"321ec2f5-57e0-4947-8242-d8996e4b21c6"},"res":{"statusCode":200},"responseTime":91,"msg":"request completed"}
{"level":30,"time":"2026-08-10T02:56:44.112Z","service":"alsistemas-backend","req":{"method":"GET","url":"/api/admin/updates/jobs/job_1786330601802_6e74eb65","requestId":"f68ebc5a-c50b-4a58-bd52-9bf129ad5d73"},"res":{"statusCode":304},"responseTime":74,"msg":"request completed"}
{"level":30,"time":"2026-08-10T02:56:46.312Z","service":"alsistemas-backend","req":{"method":"GET","url":"/api/admin/updates/jobs/job_1786330601802_6e74eb65","requestId":"d684cdfd-c70f-4547-ad8a-3f20663a852d"},"res":{"statusCode":304},"responseTime":173,"msg":"request completed"}
{"level":30,"time":"2026-08-10T02:56:48.347Z","service":"alsistemas-backend","req":{"method":"OPTIONS","url":"/api/admin/updates/jobs/job_1786330601802_6e74eb65","requestId":"c0b41a3b-17a8-4159-8200-feb59725bece"},"res":{"statusCode":204},"responseTime":4,"msg":"request completed"}
{"level":30,"time":"2026-08-10T02:56:48.422Z","service":"alsistemas-backend","req":{"method":"GET","url":"/api/admin/updates/jobs/job_1786330601802_6e74eb65","requestId":"f670c26a-a0e3-40a9-b2ec-35d494de33af"},"res":{"statusCode":200},"responseTime":66,"msg":"request completed"}
{"level":30,"time":"2026-08-10T02:56:50.543Z","service":"alsistemas-backend","req":{"method":"GET","url":"/api/admin/updates/jobs/job_1786330601802_6e74eb65","requestId":"3f8a6b56-96ce-4289-adde-cf5adb15ce49"},"res":{"statusCode":200},"responseTime":98,"msg":"request completed"}
